// Jest Snapshot v1, https://goo.gl/fbAQLP

exports[`<NavLinks /> should match snapshot 1`] = `
Array [
  .c0 {
  display: block;
  -webkit-text-decoration: none;
  text-decoration: none;
  text-transform: uppercase;
  font-weight: bold;
  font-size: 16px;
  padding: 10px;
  color: #0a1128;
  position: relative;
}

.c0::after {
  content: '';
  position: absolute;
  bottom: 6px;
  left: 0;
  right: 0;
  margin: auto;
  width: 0;
  height: 2.5px;
  background-color: #dc143c;
  -webkit-transition: all .15s linear;
  transition: all .15s linear;
}

.c0:hover::after {
  width: 50%;
}

@media (max-width:768px) {

}

<a
    class="c0"
    href="#target1"
    role="link"
    target="_self"
  >
    Link 1
  </a>,
  .c0 {
  display: block;
  -webkit-text-decoration: none;
  text-decoration: none;
  text-transform: uppercase;
  font-weight: bold;
  font-size: 16px;
  padding: 10px;
  color: #0a1128;
  position: relative;
}

.c0::after {
  content: '';
  position: absolute;
  bottom: 6px;
  left: 0;
  right: 0;
  margin: auto;
  width: 0;
  height: 2.5px;
  background-color: #dc143c;
  -webkit-transition: all .15s linear;
  transition: all .15s linear;
}

.c0:hover::after {
  width: 50%;
}

@media (max-width:768px) {

}

<a
    class="c0"
    href="#target2"
    role="link"
    target="_self"
  >
    Link 2
  </a>,
  .c0 {
  display: block;
  -webkit-text-decoration: none;
  text-decoration: none;
  text-transform: uppercase;
  font-weight: bold;
  font-size: 16px;
  padding: 10px;
  color: #0a1128;
  position: relative;
}

.c0::after {
  content: '';
  position: absolute;
  bottom: 6px;
  left: 0;
  right: 0;
  margin: auto;
  width: 0;
  height: 2.5px;
  background-color: #dc143c;
  -webkit-transition: all .15s linear;
  transition: all .15s linear;
}

.c0:hover::after {
  width: 50%;
}

@media (max-width:768px) {

}

<a
    class="c0"
    href="#target3"
    role="link"
    target="_blank"
  >
    Link 3
  </a>,
  .c0 {
  display: block;
  -webkit-text-decoration: none;
  text-decoration: none;
  text-transform: uppercase;
  font-weight: bold;
  font-size: 16px;
  padding: 10px;
  color: #0a1128;
  position: relative;
}

.c0::after {
  content: '';
  position: absolute;
  bottom: 6px;
  left: 0;
  right: 0;
  margin: auto;
  width: 0;
  height: 2.5px;
  background-color: #dc143c;
  -webkit-transition: all .15s linear;
  transition: all .15s linear;
}

.c0:hover::after {
  width: 50%;
}

@media (max-width:768px) {

}

<a
    class="c0"
    href="#target4"
    role="link"
    target="_self"
  >
    Link 4
  </a>,
  .c0 {
  display: block;
  -webkit-text-decoration: none;
  text-decoration: none;
  text-transform: uppercase;
  font-weight: bold;
  font-size: 16px;
  padding: 10px;
  color: #0a1128;
  position: relative;
}

.c0::after {
  content: '';
  position: absolute;
  bottom: 6px;
  left: 0;
  right: 0;
  margin: auto;
  width: 0;
  height: 2.5px;
  background-color: #dc143c;
  -webkit-transition: all .15s linear;
  transition: all .15s linear;
}

.c0:hover::after {
  width: 50%;
}

@media (max-width:768px) {

}

<a
    class="c0"
    href="#target5"
    role="link"
    target="_self"
  >
    Link 5
  </a>,
]
`;
